
  [32m[1mVITE[22m v6.4.3[39m  [2mready in [0m[1m1022[22m[2m[0m ms[22m

  [32m➜[39m  [1mLocal[22m:   [36mhttp://localhost:[1m5173[22m/[39m
  [32m➜[39m  [1mNetwork[22m: [36mhttp://172.31.0.1:[1m5173[22m/[39m
  [32m➜[39m  [1mNetwork[22m: [36mhttp://10.94.30.236:[1m5173[22m/[39m
[2m[32m  ➜[39m[22m[2m  press [22m[1mh + enter[22m[2m to show help[22m
[2m10:33:45 pm[22m [33m[1m[vite][22m[39m [33m[2m(client)[22m[39m [33mwarning: <button> cannot be child of <button>, according to HTML specifications. This can cause hydration errors or potentially disrupt future functionality.
150|          <span class="tab-label">{{ tab.label }}</span>
151|          <Circle v-if="tab.dirty" :size="8" class="dirty-indicator" aria-label="Unsaved changes" />
152|          <button
   |          ^^^^^^^
153|            class="tab-close"
   |  ^^^^^^^^^^^^^^^^^^^^^^^^^^^
154|            aria-label="Close tab"
   |  ^^^^^^^^^^^^^^^^^^^^^^^^^^^^^^^^
155|            @click="closeTab($event, tab.id)"
   |  ^^^^^^^^^^^^^^^^^^^^^^^^^^^^^^^^^^^^^^^^^^^
156|          >
   |  ^^^^^^^^^
157|            <X :size="12" />
   |  ^^^^^^^^^^^^^^^^^^^^^^^^^^
158|          </button>
   |  ^^^^^^^^^^^^^^^^^[39m
  Plugin: [35mvite:vue[39m
  File: [36mC:/Users/sm915/Downloads/sclpl-api/web/src/components/shell/TabBar.vue[39m
[2m11:03:16 pm[22m [36m[1m[vite][22m[39m [90m[2m(client)[22m[39m [32mhmr update [39m[2m/@fs/C:/Users/sm915/Downloads/sclpl-api/web/src/components/shell/TabBar.vue[22m
[2m11:12:06 pm[22m [31m[1m[vite][22m[39m [31mhttp proxy error: /api/v1/projects/00000000-0000-0000-0000-000000000001/workflows[39m
Error: connect ECONNREFUSED 127.0.0.1:8000
    at TCPConnectWrap.afterConnect [as oncomplete] (node:net:1705:16)
[2m11:12:07 pm[22m [31m[1m[vite][22m[39m [31mhttp proxy error: /api/v1/projects/00000000-0000-0000-0000-000000000001/workflows[39m
Error: connect ECONNREFUSED 127.0.0.1:8000
    at TCPConnectWrap.afterConnect [as oncomplete] (node:net:1705:16)
[2m11:12:09 pm[22m [31m[1m[vite][22m[39m [31mhttp proxy error: /api/v1/projects/00000000-0000-0000-0000-000000000001/workflows[39m
Error: connect ECONNREFUSED 127.0.0.1:8000
    at TCPConnectWrap.afterConnect [as oncomplete] (node:net:1705:16)
[2m11:12:13 pm[22m [31m[1m[vite][22m[39m [31mhttp proxy error: /health[39m
Error: connect ECONNREFUSED 127.0.0.1:8000
    at TCPConnectWrap.afterConnect [as oncomplete] (node:net:1705:16)
[2m11:12:13 pm[22m [31m[1m[vite][22m[39m [31mhttp proxy error: /api/v1/projects[39m
Error: connect ECONNREFUSED 127.0.0.1:8000
    at TCPConnectWrap.afterConnect [as oncomplete] (node:net:1705:16)
[2m11:12:19 pm[22m [31m[1m[vite][22m[39m [31mhttp proxy error: /api/v1/projects/null/workflows[39m
Error: connect ECONNREFUSED 127.0.0.1:8000
    at TCPConnectWrap.afterConnect [as oncomplete] (node:net:1705:16)
